Traceback (most recent call last):
  File "C:\Users\HP\OneDrive\Desktop\FolkMint Stuff\FolkMint project\backend\test_checkout2.py", line 25, in <module>
    cur.execute('CALL place_complete_order(%s, %s, %s::jsonb)', (user_id, address_id, items_json))
    ~~~~~~~~~~~^^^^^^^^^^^^^^^^^^^^^^^^^^^^^^^^^^^^^^^^^^^^^^^^^^^^^^^^^^^^^^^^^^^^^^^^^^^^^^^^^^^
psycopg2.errors.NotNullViolation: null value in column "product_id" of relation "order_item" violates not-null constraint
DETAIL:  Failing row contains (7, 30, null, 2, 1, 763.00).
CONTEXT:  SQL statement "INSERT INTO order_item (order_id, variant_id, quantity, price_at_purchase)
        VALUES (v_order_id, v_item.variant_id, v_item.quantity, v_item.price)"
PL/pgSQL function place_complete_order(integer,integer,jsonb) line 22 at SQL statement

